// Jest Snapshot v1, https://goo.gl/fbAQLP

exports[`<MultiSelect /> should match snapshot - dropdown closed 1`] = `
<div
  class="PreactMultiSelect-wrapper"
>
  <button
    aria-haspopup="true"
    class="PreactMultiSelect-dropdownButton"
  >
    Selected
     
    <span
      class="PreactMultiSelect-badge"
    >
      0
    </span>
  </button>
</div>
`;

exports[`<MultiSelect /> should match snapshot - dropdown opened 1`] = `
<div
  class="PreactMultiSelect-wrapper"
>
  <button
    aria-haspopup="true"
    class="PreactMultiSelect-dropdownButton PreactMultiSelect-dropdownButton--opened"
  >
    Selected
     
    <span
      class="PreactMultiSelect-badge"
    >
      0
    </span>
  </button>
  <div
    class="PreactMultiSelect-sectionWrapper"
  >
    <div
      class="PreactMultiSelect-listButtonsWrapper"
    >
      <button
        class="PreactMultiSelect-listButtonsSelectAll"
      >
        Select All
      </button>
      <button
        class="PreactMultiSelect-listButtonsReset"
      >
        Reset
      </button>
    </div>
    <ul
      class="PreactMultiSelect-list PreactMultiSelect-list--hasFooter"
    >
      <li
        class="PreactMultiSelect-listItem"
        role="option"
      >
        <label
          aria-checked="false"
          class="PreactMultiSelect-listItemLabel"
          for="first-option-1"
          role="checkbox"
          tabindex="0"
        >
          First option
          <input
            class="PreactMultiSelect-listItemCheckbox"
            id="first-option-1"
            name="first-option"
            type="checkbox"
          />
        </label>
      </li>
      <li
        class="PreactMultiSelect-listItem"
        role="option"
      >
        <label
          aria-checked="false"
          class="PreactMultiSelect-listItemLabel"
          for="second-option-2"
          role="checkbox"
          tabindex="0"
        >
          Second option
          <input
            class="PreactMultiSelect-listItemCheckbox"
            id="second-option-2"
            name="second-option"
            type="checkbox"
          />
        </label>
      </li>
      <li
        class="PreactMultiSelect-listItem"
        role="option"
      >
        <label
          aria-checked="false"
          class="PreactMultiSelect-listItemLabel"
          for="third-option-3"
          role="checkbox"
          tabindex="0"
        >
          Third option
          <input
            class="PreactMultiSelect-listItemCheckbox"
            id="third-option-3"
            name="third-option"
            type="checkbox"
          />
        </label>
      </li>
    </ul>
    <div
      class="PreactMultiSelect-footer"
    >
      <button
        class="PreactMultiSelect-footerApplyButton"
      >
        Apply
      </button>
    </div>
  </div>
</div>
`;
