// Jest Snapshot v1, https://goo.gl/fbAQLP

exports[`<MultiSelect /> should match snapshot - dropdown closed 1`] = `
<div
  class="MultiSelect-wrapper"
>
  <button
    aria-haspopup="true"
    class="MultiSelect-dropdownButton"
  >
    Selected
     
    <span
      class="MultiSelect-badge"
    >
      0
    </span>
  </button>
</div>
`;

exports[`<MultiSelect /> should match snapshot - dropdown opened 1`] = `
<div
  class="MultiSelect-wrapper"
>
  <button
    aria-haspopup="true"
    class="MultiSelect-dropdownButton MultiSelect-dropdownButton--opened"
  >
    Selected
     
    <span
      class="MultiSelect-badge"
    >
      0
    </span>
  </button>
  <div
    class="MultiSelect-sectionWrapper"
  >
    <div
      class="MultiSelect-listButtonsWrapper"
    >
      <button
        class="MultiSelect-listButtonsSelectAll"
      >
        Select All
      </button>
      <button
        class="MultiSelect-listButtonsReset"
      >
        Reset
      </button>
    </div>
    <ul
      class="MultiSelect-list MultiSelect-list--hasFooter"
    >
      <li
        class="MultiSelect-listItem"
        role="option"
      >
        <label
          aria-checked="false"
          class="MultiSelect-listItemLabel"
          for="first-option-1"
          role="checkbox"
          tabindex="0"
        >
          First option
          <input
            class="MultiSelect-listItemCheckbox"
            id="first-option-1"
            name="first-option"
            type="checkbox"
          />
        </label>
      </li>
      <li
        class="MultiSelect-listItem"
        role="option"
      >
        <label
          aria-checked="false"
          class="MultiSelect-listItemLabel"
          for="second-option-2"
          role="checkbox"
          tabindex="0"
        >
          Second option
          <input
            class="MultiSelect-listItemCheckbox"
            id="second-option-2"
            name="second-option"
            type="checkbox"
          />
        </label>
      </li>
      <li
        class="MultiSelect-listItem"
        role="option"
      >
        <label
          aria-checked="false"
          class="MultiSelect-listItemLabel"
          for="third-option-3"
          role="checkbox"
          tabindex="0"
        >
          Third option
          <input
            class="MultiSelect-listItemCheckbox"
            id="third-option-3"
            name="third-option"
            type="checkbox"
          />
        </label>
      </li>
    </ul>
    <div
      class="MultiSelect-footer"
    >
      <button
        class="MultiSelect-footerApplyButton"
      >
        Apply
      </button>
    </div>
  </div>
</div>
`;
